
Iob_cache simulation start
Generated vcd file
Iob_cache simulation end

