ALM & 812  \\ \hline
\rowcolor{iob-blue}
FF & 600  \\  \hline
DSP & 0  \\ \hline
\rowcolor{iob-blue}
BRAM blocks & 68  \\ \hline
\rowcolor{iob-blue}
ALM & 812  \\ \hline
\rowcolor{iob-blue}
FF & 600  \\  \hline
DSP & 0  \\ \hline
\rowcolor{iob-blue}
BRAM blocks & 68  \\ \hline
\rowcolor{iob-blue}
